2024-12-08 00:09:36,264 - INFO - Starting log analysis for file: sample.log
2024-12-08 00:09:36,319 - INFO - Successfully parsed 34 log entries from sample.log.
2024-12-08 00:09:36,327 - INFO - Analyzed Requests per IP.
2024-12-08 00:09:36,327 - INFO - 
==================================================
Requests per IP
==================================================
2024-12-08 00:09:36,331 - INFO - 
   IP Address  Request Count
  203.0.113.5              8
198.51.100.23              8
  192.168.1.1              7
     10.0.0.2              6
192.168.1.100              5

2024-12-08 00:09:36,332 - INFO - Analyzed Most Accessed Endpoint.
2024-12-08 00:09:36,333 - INFO - 
==================================================
Most Accessed Endpoint
==================================================
2024-12-08 00:09:36,333 - INFO - 
  Endpoint  Access Count
    /login            13
     /home             5
    /about             5
/dashboard             3
  /contact             2
 /register             2
  /profile             2
 /feedback             2

2024-12-08 00:09:36,335 - INFO - Analyzed Suspicious Activity for failed logins.
2024-12-08 00:09:36,335 - INFO - 
==================================================
Suspicious Activity
==================================================
2024-12-08 00:09:36,336 - INFO - 
   IP Address  Failed Login Count
  203.0.113.5                   8
192.168.1.100                   5

2024-12-08 00:09:36,337 - ERROR - Error saving analysis results to file: No module named 'openpyxl'
2024-12-08 00:10:42,220 - INFO - Starting log analysis for file: sample.log
2024-12-08 00:10:42,221 - INFO - Successfully parsed 34 log entries from sample.log.
2024-12-08 00:10:42,224 - INFO - Analyzed Requests per IP.
2024-12-08 00:10:42,224 - INFO - 
==================================================
Requests per IP
==================================================
2024-12-08 00:10:42,226 - INFO - 
   IP Address  Request Count
  203.0.113.5              8
198.51.100.23              8
  192.168.1.1              7
     10.0.0.2              6
192.168.1.100              5

2024-12-08 00:10:42,227 - INFO - Analyzed Most Accessed Endpoint.
2024-12-08 00:10:42,227 - INFO - 
==================================================
Most Accessed Endpoint
==================================================
2024-12-08 00:10:42,228 - INFO - 
  Endpoint  Access Count
    /login            13
     /home             5
    /about             5
/dashboard             3
  /contact             2
 /register             2
  /profile             2
 /feedback             2

2024-12-08 00:10:42,229 - INFO - Analyzed Suspicious Activity for failed logins.
2024-12-08 00:10:42,229 - INFO - 
==================================================
Suspicious Activity
==================================================
2024-12-08 00:10:42,230 - INFO - 
   IP Address  Failed Login Count
  203.0.113.5                   8
192.168.1.100                   5

2024-12-08 00:10:42,231 - ERROR - Error saving analysis results to file: No module named 'openpyxl'
2024-12-08 00:11:07,705 - INFO - Starting log analysis for file: sample.log
2024-12-08 00:11:07,710 - INFO - Successfully parsed 34 log entries from sample.log.
2024-12-08 00:11:07,714 - INFO - Analyzed Requests per IP.
2024-12-08 00:11:07,714 - INFO - 
==================================================
Requests per IP
==================================================
2024-12-08 00:11:07,721 - INFO - 
   IP Address  Request Count
  203.0.113.5              8
198.51.100.23              8
  192.168.1.1              7
     10.0.0.2              6
192.168.1.100              5

2024-12-08 00:11:07,721 - INFO - Analyzed Most Accessed Endpoint.
2024-12-08 00:11:07,721 - INFO - 
==================================================
Most Accessed Endpoint
==================================================
2024-12-08 00:11:07,721 - INFO - 
  Endpoint  Access Count
    /login            13
     /home             5
    /about             5
/dashboard             3
  /contact             2
 /register             2
  /profile             2
 /feedback             2

2024-12-08 00:11:07,730 - INFO - Analyzed Suspicious Activity for failed logins.
2024-12-08 00:11:07,730 - INFO - 
==================================================
Suspicious Activity
==================================================
2024-12-08 00:11:07,731 - INFO - 
   IP Address  Failed Login Count
  203.0.113.5                   8
192.168.1.100                   5

2024-12-08 00:14:11,872 - INFO - Starting log analysis for file: sample.log
2024-12-08 00:14:11,872 - INFO - Successfully parsed 34 log entries from sample.log.
2024-12-08 00:14:11,880 - INFO - Analyzed Requests per IP.
2024-12-08 00:14:11,880 - INFO - 
==================================================
Requests per IP
==================================================
2024-12-08 00:14:11,890 - INFO - 
   IP Address  Request Count
  203.0.113.5              8
198.51.100.23              8
  192.168.1.1              7
     10.0.0.2              6
192.168.1.100              5

2024-12-08 00:14:11,890 - INFO - Analyzed Most Accessed Endpoint.
2024-12-08 00:14:11,890 - INFO - 
==================================================
Most Accessed Endpoint
==================================================
2024-12-08 00:14:11,896 - INFO - 
  Endpoint  Access Count
    /login            13
     /home             5
    /about             5
/dashboard             3
  /contact             2
 /register             2
  /profile             2
 /feedback             2

2024-12-08 00:14:11,900 - INFO - Analyzed Suspicious Activity for failed logins.
2024-12-08 00:14:11,900 - INFO - 
==================================================
Suspicious Activity
==================================================
2024-12-08 00:14:11,900 - INFO - 
   IP Address  Failed Login Count
  203.0.113.5                   8
192.168.1.100                   5

2024-12-08 00:19:17,922 - INFO - Starting log analysis for file: sample.log
2024-12-08 00:19:17,958 - INFO - Successfully parsed 34 log entries from sample.log.
2024-12-08 00:19:17,969 - INFO - Analyzed Requests per IP.
2024-12-08 00:19:17,969 - INFO - 
==================================================
Requests per IP
==================================================
2024-12-08 00:19:17,973 - INFO - 
   IP Address  Request Count
  203.0.113.5              8
198.51.100.23              8
  192.168.1.1              7
     10.0.0.2              6
192.168.1.100              5

2024-12-08 00:19:17,974 - INFO - Analyzed Most Accessed Endpoint.
2024-12-08 00:19:17,975 - INFO - 
==================================================
Most Accessed Endpoint
==================================================
2024-12-08 00:19:17,977 - INFO - 
Endpoint  Access Count
  /login            13

2024-12-08 00:20:50,444 - INFO - Starting log analysis for file: sample.log
2024-12-08 00:20:50,445 - INFO - Successfully parsed 34 log entries from sample.log.
2024-12-08 00:20:50,447 - INFO - Analyzed Requests per IP.
2024-12-08 00:20:50,447 - INFO - 
==================================================
Requests per IP
==================================================
2024-12-08 00:20:50,450 - INFO - 
   IP Address  Request Count
  203.0.113.5              8
198.51.100.23              8
  192.168.1.1              7
     10.0.0.2              6
192.168.1.100              5

2024-12-08 00:20:50,451 - INFO - Analyzed Most Accessed Endpoint.
2024-12-08 00:20:50,451 - INFO - 
==================================================
Most Accessed Endpoint
==================================================
2024-12-08 00:20:50,452 - INFO - 
Endpoint  Access Count
  /login            13

2024-12-08 00:21:10,810 - INFO - Starting log analysis for file: sample.log
2024-12-08 00:21:10,810 - INFO - Successfully parsed 34 log entries from sample.log.
2024-12-08 00:21:10,812 - INFO - Analyzed Requests per IP.
2024-12-08 00:21:10,812 - INFO - 
==================================================
Requests per IP
==================================================
2024-12-08 00:21:10,815 - INFO - 
   IP Address  Request Count
  203.0.113.5              8
198.51.100.23              8
  192.168.1.1              7
     10.0.0.2              6
192.168.1.100              5

2024-12-08 00:21:10,816 - INFO - Analyzed Most Accessed Endpoint.
2024-12-08 00:21:10,816 - INFO - 
==================================================
Most Accessed Endpoint
==================================================
2024-12-08 00:21:10,817 - INFO - 
Endpoint  Access Count
  /login            13

2024-12-08 00:21:10,823 - INFO - Analyzed Suspicious Activity for failed logins.
2024-12-08 00:21:10,823 - INFO - 
==================================================
Suspicious Activity
==================================================
2024-12-08 00:21:10,825 - INFO - 
   IP Address  Failed Login Count
  203.0.113.5                   8
192.168.1.100                   5

2024-12-08 00:21:10,825 - ERROR - Error saving analysis results to file: [Errno 13] Permission denied: 'log_analysis_results.csv'
2024-12-08 00:21:17,883 - INFO - Starting log analysis for file: sample.log
2024-12-08 00:21:17,883 - INFO - Successfully parsed 34 log entries from sample.log.
2024-12-08 00:21:17,892 - INFO - Analyzed Requests per IP.
2024-12-08 00:21:17,892 - INFO - 
==================================================
Requests per IP
==================================================
2024-12-08 00:21:17,902 - INFO - 
   IP Address  Request Count
  203.0.113.5              8
198.51.100.23              8
  192.168.1.1              7
     10.0.0.2              6
192.168.1.100              5

2024-12-08 00:21:17,902 - INFO - Analyzed Most Accessed Endpoint.
2024-12-08 00:21:17,902 - INFO - 
==================================================
Most Accessed Endpoint
==================================================
2024-12-08 00:21:17,907 - INFO - 
Endpoint  Access Count
  /login            13

2024-12-08 00:23:10,539 - INFO - Starting log analysis for file: sample.log
2024-12-08 00:23:10,539 - INFO - Successfully parsed 34 log entries from sample.log.
2024-12-08 00:23:10,549 - INFO - Analyzed Requests per IP.
2024-12-08 00:23:10,549 - INFO - 
==================================================
Requests per IP
==================================================
2024-12-08 00:23:10,555 - INFO - 
   IP Address  Request Count
  203.0.113.5              8
198.51.100.23              8
  192.168.1.1              7
     10.0.0.2              6
192.168.1.100              5

2024-12-08 00:24:05,351 - INFO - Starting log analysis for file: sample.log
2024-12-08 00:24:05,352 - INFO - Successfully parsed 34 log entries from sample.log.
2024-12-08 00:24:05,355 - INFO - Analyzed Requests per IP.
2024-12-08 00:24:05,355 - INFO - 
==================================================
Requests per IP
==================================================
2024-12-08 00:24:05,359 - INFO - 
   IP Address  Request Count
  203.0.113.5              8
198.51.100.23              8
  192.168.1.1              7
     10.0.0.2              6
192.168.1.100              5

2024-12-08 00:24:05,360 - INFO - Analyzed Most Accessed Endpoint.
2024-12-08 00:24:05,360 - INFO - 
==================================================
Most Accessed Endpoint
==================================================
2024-12-08 00:24:05,361 - INFO - 
Endpoint  Access Count
  /login            13

2024-12-08 00:24:05,366 - INFO - Analyzed Suspicious Activity for failed logins.
2024-12-08 00:24:05,367 - INFO - 
==================================================
Suspicious Activity
==================================================
2024-12-08 00:24:05,368 - INFO - 
   IP Address  Failed Login Count
  203.0.113.5                   8
192.168.1.100                   5

